Archive member included to satisfy reference by file (symbol)

c:/apps/atollic/truestudio for arm 5.5.1/armtools/bin/../lib/gcc/arm-atollic-eabi/5.3.1/../../../../arm-atollic-eabi/lib/armv7e-m/softfp\libc_nano.a(lib_a-init.o)
                              src\startup.o (__libc_init_array)
c:/apps/atollic/truestudio for arm 5.5.1/armtools/bin/../lib/gcc/arm-atollic-eabi/5.3.1/../../../../arm-atollic-eabi/lib/armv7e-m/softfp\libc_nano.a(lib_a-reent.o)
                              src\syscalls.o (errno)
c:/apps/atollic/truestudio for arm 5.5.1/armtools/bin/../lib/gcc/arm-atollic-eabi/5.3.1/../../../../arm-atollic-eabi/lib/armv7e-m/softfp\libc_nano.a(lib_a-strlen.o)
                              src\tiny_printf.o (strlen)
c:/apps/atollic/truestudio for arm 5.5.1/armtools/bin/../lib/gcc/arm-atollic-eabi/5.3.1/../../../../arm-atollic-eabi/lib/armv7e-m/softfp\libc_nano.a(lib_a-impure.o)
                              c:/apps/atollic/truestudio for arm 5.5.1/armtools/bin/../lib/gcc/arm-atollic-eabi/5.3.1/../../../../arm-atollic-eabi/lib/armv7e-m/softfp\libc_nano.a(lib_a-reent.o) (_impure_ptr)
c:/apps/atollic/truestudio for arm 5.5.1/armtools/bin/../lib/gcc/arm-atollic-eabi/5.3.1/../../../../arm-atollic-eabi/lib/armv7e-m/softfp\libc_nano.a(lib_a-nano-freer.o)
                              c:/apps/atollic/truestudio for arm 5.5.1/armtools/bin/../lib/gcc/arm-atollic-eabi/5.3.1/../../../../arm-atollic-eabi/lib/armv7e-m/softfp\libc_nano.a(lib_a-reent.o) (_free_r)
c:/apps/atollic/truestudio for arm 5.5.1/armtools/bin/../lib/gcc/arm-atollic-eabi/5.3.1/../../../../arm-atollic-eabi/lib/armv7e-m/softfp\libc_nano.a(lib_a-nano-mallocr.o)
                              c:/apps/atollic/truestudio for arm 5.5.1/armtools/bin/../lib/gcc/arm-atollic-eabi/5.3.1/../../../../arm-atollic-eabi/lib/armv7e-m/softfp\libc_nano.a(lib_a-nano-freer.o) (__malloc_free_list)
c:/apps/atollic/truestudio for arm 5.5.1/armtools/bin/../lib/gcc/arm-atollic-eabi/5.3.1/../../../../arm-atollic-eabi/lib/armv7e-m/softfp\libc_nano.a(lib_a-sbrkr.o)
                              c:/apps/atollic/truestudio for arm 5.5.1/armtools/bin/../lib/gcc/arm-atollic-eabi/5.3.1/../../../../arm-atollic-eabi/lib/armv7e-m/softfp\libc_nano.a(lib_a-nano-mallocr.o) (_sbrk_r)
c:/apps/atollic/truestudio for arm 5.5.1/armtools/bin/../lib/gcc/arm-atollic-eabi/5.3.1/../../../../arm-atollic-eabi/lib/armv7e-m/softfp\libc_nano.a(lib_a-mlock.o)
                              c:/apps/atollic/truestudio for arm 5.5.1/armtools/bin/../lib/gcc/arm-atollic-eabi/5.3.1/../../../../arm-atollic-eabi/lib/armv7e-m/softfp\libc_nano.a(lib_a-nano-freer.o) (__malloc_lock)
..\Libraries\libBSP.a(can.o)  src\stm32f4xx_it.o (CARME_CAN_Interrupt_Handler)
..\Libraries\libBSP.a(carme.o)
                              src\startup.o (CARME_Init)
..\Libraries\libBSP.a(system_stm32f4xx.o)
                              src\main.o (SystemCoreClock)
..\Libraries\libBSP.a(misc.o)
                              ..\Libraries\libBSP.a(can.o) (NVIC_Init)
..\Libraries\libBSP.a(stm32f4xx_exti.o)
                              ..\Libraries\libBSP.a(can.o) (EXTI_Init)
..\Libraries\libBSP.a(stm32f4xx_fsmc.o)
                              ..\Libraries\libBSP.a(carme.o) (FSMC_NORSRAMDeInit)
..\Libraries\libBSP.a(stm32f4xx_gpio.o)
                              ..\Libraries\libBSP.a(carme.o) (GPIO_DeInit)
..\Libraries\libBSP.a(stm32f4xx_rcc.o)
                              ..\Libraries\libBSP.a(carme.o) (RCC_AHB1PeriphClockCmd)
..\Libraries\libBSP.a(stm32f4xx_syscfg.o)
                              ..\Libraries\libBSP.a(can.o) (SYSCFG_EXTILineConfig)
..\Libraries\libBSP.a(stm32f4xx_usart.o)
                              src\syscalls.o (USART_SendData)
..\Libraries\libsGUI.a(geometry.o)
                              src\Draw_display.o (LCD_DrawRectF)
..\Libraries\libsGUI.a(text.o)
                              src\main.o (LCD_DisplayStringXY)
..\Libraries\libsGUI.a(font.o)
                              ..\Libraries\libsGUI.a(text.o) (font_5x8)
c:/apps/atollic/truestudio for arm 5.5.1/armtools/bin/../lib/gcc/arm-atollic-eabi/5.3.1/../../../../arm-atollic-eabi/lib/armv7e-m/softfp\libc.a(lib_a-memcpy-stub.o)
                              ..\Libraries\libBSP.a(carme.o) (memcpy)
c:/apps/atollic/truestudio for arm 5.5.1/armtools/bin/../lib/gcc/arm-atollic-eabi/5.3.1/../../../../arm-atollic-eabi/lib/armv7e-m/softfp\libc.a(lib_a-memset.o)
                              ..\Libraries\libBSP.a(can.o) (memset)
c:/apps/atollic/truestudio for arm 5.5.1/armtools/bin/../lib/gcc/arm-atollic-eabi/5.3.1/armv7e-m/softfp\libgcc.a(_aeabi_uldivmod.o)
                              ..\Libraries\libsGUI.a(text.o) (__aeabi_uldivmod)
c:/apps/atollic/truestudio for arm 5.5.1/armtools/bin/../lib/gcc/arm-atollic-eabi/5.3.1/armv7e-m/softfp\libgcc.a(_udivmoddi4.o)
                              c:/apps/atollic/truestudio for arm 5.5.1/armtools/bin/../lib/gcc/arm-atollic-eabi/5.3.1/armv7e-m/softfp\libgcc.a(_aeabi_uldivmod.o) (__udivmoddi4)
[...]
Memory Configuration

Name             Origin             Length             Attributes
FLASH            0x08000000         0x00100000         xr
RAM              0x20000000         0x00020000         xrw
MEMORY_B1        0x60000000         0x00000000         xr
CCMRAM           0x10000000         0x00010000         rw
*default*        0x00000000         0xffffffff

Linker script and memory map

LOAD c:/apps/atollic/truestudio for arm 5.5.1/armtools/bin/../lib/gcc/arm-atollic-eabi/5.3.1/armv7e-m/softfp/crti.o
LOAD c:/apps/atollic/truestudio for arm 5.5.1/armtools/bin/../lib/gcc/arm-atollic-eabi/5.3.1/armv7e-m/softfp/crtbegin.o
LOAD src\tiny_printf.o
LOAD src\syscalls.o
LOAD src\stm32f4xx_it.o
LOAD src\startup.o
LOAD src\main.o
LOAD src\game.o
LOAD src\functions.o
LOAD src\Switch.o
LOAD src\Draw_display.o
START GROUP
LOAD c:/apps/atollic/truestudio for arm 5.5.1/armtools/bin/../lib/gcc/arm-atollic-eabi/5.3.1/../../../../arm-atollic-eabi/lib/armv7e-m/softfp\libc_nano.a
LOAD c:/apps/atollic/truestudio for arm 5.5.1/armtools/bin/../lib/gcc/arm-atollic-eabi/5.3.1/../../../../arm-atollic-eabi/lib/armv7e-m/softfp\libm.a
END GROUP
                0x00000080                malloc_getpagesize_P = 0x80
START GROUP
LOAD c:/apps/atollic/truestudio for arm 5.5.1/armtools/bin/../lib/gcc/arm-atollic-eabi/5.3.1/armv7e-m/softfp\libgcc.a
LOAD c:/apps/atollic/truestudio for arm 5.5.1/armtools/bin/../lib/gcc/arm-atollic-eabi/5.3.1/../../../../arm-atollic-eabi/lib/armv7e-m/softfp\libc_nano.a
END GROUP
START GROUP
LOAD c:/apps/atollic/truestudio for arm 5.5.1/armtools/bin/../lib/gcc/arm-atollic-eabi/5.3.1/armv7e-m/softfp\libgcc.a
LOAD c:/apps/atollic/truestudio for arm 5.5.1/armtools/bin/../lib/gcc/arm-atollic-eabi/5.3.1/../../../../arm-atollic-eabi/lib/armv7e-m/softfp\libc_nano.a
LOAD c:/apps/atollic/truestudio for arm 5.5.1/armtools/bin/../lib/gcc/arm-atollic-eabi/5.3.1/../../../../arm-atollic-eabi/lib/armv7e-m/softfp\libnosys.a
END GROUP
START GROUP
LOAD c:/apps/atollic/truestudio for arm 5.5.1/armtools/bin/../lib/gcc/arm-atollic-eabi/5.3.1/armv7e-m/softfp\libgcc.a
LOAD c:/apps/atollic/truestudio for arm 5.5.1/armtools/bin/../lib/gcc/arm-atollic-eabi/5.3.1/../../../../arm-atollic-eabi/lib/armv7e-m/softfp\libc_nano.a
LOAD c:/apps/atollic/truestudio for arm 5.5.1/armtools/bin/../lib/gcc/arm-atollic-eabi/5.3.1/../../../../arm-atollic-eabi/lib/armv7e-m/softfp\libnosys.a
END GROUP
LOAD c:/apps/atollic/truestudio for arm 5.5.1/armtools/bin/../lib/gcc/arm-atollic-eabi/5.3.1/armv7e-m/softfp/crtend.o
LOAD c:/apps/atollic/truestudio for arm 5.5.1/armtools/bin/../lib/gcc/arm-atollic-eabi/5.3.1/armv7e-m/softfp/crtn.o
LOAD ..\Libraries\libBSP.a
LOAD ..\Libraries\libsGUI.a
                0x20020000                _estack = 0x20020000
                0x00001000                _Min_Heap_Size = 0x1000
                0x00001000                _Min_Stack_Size = 0x1000

.isr_vector     0x08000000      0x188
                0x08000000                . = ALIGN (0x4)
 *(.isr_vector)
 .isr_vector    0x08000000      0x188 src\startup.o
                0x08000000                g_pfnVectors
                0x08000188                . = ALIGN (0x4)

.text           0x08000188     0x1a44
                0x08000188                . = ALIGN (0x4)
 *(.text)
 .text          0x08000188       0x40 c:/apps/atollic/truestudio for arm 5.5.1/armtools/bin/../lib/gcc/arm-atollic-eabi/5.3.1/armv7e-m/softfp/crtbegin.o
 .text          0x080001c8        0x2 src\functions.o
                0x080001c8                myfunction
 *fill*         0x080001ca        0x2 
 .text          0x080001cc       0x10 src\Switch.o
                0x080001cc                Carme_I01_Button_S0
 *(.text*)
 .text.NMI_Handler
                0x080001dc       0x10 src\stm32f4xx_it.o
                0x080001dc                NMI_Handler
 .text.HardFault_Handler
                0x080001ec        0xc src\stm32f4xx_it.o
                0x080001ec                HardFault_Handler
 .text.MemManage_Handler
                0x080001f8        0x8 src\stm32f4xx_it.o
                0x080001f8                MemManage_Handler
 .text.BusFault_Handler
                0x08000200        0xc src\stm32f4xx_it.o
                0x08000200                BusFault_Handler
 .text.UsageFault_Handler
                0x0800020c        0xc src\stm32f4xx_it.o
                0x0800020c                UsageFault_Handler
 .text.SVC_Handler
                0x08000218       0x10 src\stm32f4xx_it.o
                0x08000218                SVC_Handler
 .text.DebugMon_Handler
                0x08000228       0x10 src\stm32f4xx_it.o
                0x08000228                DebugMon_Handler
 .text.PendSV_Handler
                0x08000238       0x10 src\stm32f4xx_it.o
                0x08000238                PendSV_Handler
 .text.EXTI0_IRQHandler
                0x08000248       0x1c src\stm32f4xx_it.o
                0x08000248                EXTI0_IRQHandler
 .text.EXTI9_5_IRQHandler
                0x08000264       0x34 src\stm32f4xx_it.o
                0x08000264                EXTI9_5_IRQHandler
 .text.EXTI15_10_IRQHandler
                0x08000298       0x34 src\stm32f4xx_it.o
                0x08000298                EXTI15_10_IRQHandler
 .text.Reset_Handler
                0x080002cc       0x4c src\startup.o
                0x080002cc                Reset_Handler
 .text.Default_Handler
                0x08000318       0x74 src\startup.o
                0x08000320                RTC_Alarm_IRQHandler
                0x08000320                HASH_RNG_IRQHandler
                0x08000320                EXTI2_IRQHandler
                0x08000320                TIM8_CC_IRQHandler
                0x08000320                TIM1_CC_IRQHandler
                0x08000320                DMA2_Stream5_IRQHandler
                0x08000320                DMA1_Stream5_IRQHandler
                0x08000320                PVD_IRQHandler
                0x08000320                SDIO_IRQHandler
                0x08000320                TAMP_STAMP_IRQHandler
                0x08000320                CAN2_RX1_IRQHandler
                0x08000320                EXTI3_IRQHandler
                0x08000320                TIM8_TRG_COM_TIM14_IRQHandler
                0x08000320                TIM1_UP_TIM10_IRQHandler
                0x08000320                TIM8_UP_TIM13_IRQHandler
                0x08000320                I2C3_ER_IRQHandler
                0x08000320                I2C2_EV_IRQHandler
                0x08000320                DMA1_Stream2_IRQHandler
                0x08000320                CAN1_RX0_IRQHandler
                0x08000320                FPU_IRQHandler
                0x08000320                OTG_HS_WKUP_IRQHandler
                0x08000320                CAN2_SCE_IRQHandler
                0x08000320                DMA2_Stream2_IRQHandler
                0x08000320                SPI1_IRQHandler
                0x08000320                TIM6_DAC_IRQHandler
                0x08000320                TIM1_BRK_TIM9_IRQHandler
                0x08000320                DCMI_IRQHandler
                0x08000320                CAN2_RX0_IRQHandler
                0x08000320                DMA2_Stream3_IRQHandler
                0x08000320                USART6_IRQHandler
                0x08000320                USART3_IRQHandler
                0x08000320                CRYP_IRQHandler
                0x08000320                CAN1_RX1_IRQHandler
                0x08000320                UART5_IRQHandler
                0x08000320                DMA2_Stream0_IRQHandler
                0x08000320                vApplicationMallocFailedHook
                0x08000320                TIM4_IRQHandler
                0x08000320                I2C1_EV_IRQHandler
                0x08000320                DMA1_Stream6_IRQHandler
                0x08000320                DMA1_Stream1_IRQHandler
                0x08000320                UART4_IRQHandler
                0x08000320                TIM3_IRQHandler
                0x08000320                RCC_IRQHandler
                0x08000320                TIM8_BRK_TIM12_IRQHandler
                0x08000320                Default_Handler
                0x08000320                ADC_IRQHandler
                0x08000320                DMA1_Stream7_IRQHandler
                0x08000320                TIM7_IRQHandler
                0x08000320                CAN2_TX_IRQHandler
                0x08000320                TIM5_IRQHandler
                0x08000320                DMA2_Stream7_IRQHandler
                0x08000320                I2C3_EV_IRQHandler
                0x08000320                vApplicationStackOverflowHook
                0x08000320                RTC_WKUP_IRQHandler
                0x08000320                ETH_WKUP_IRQHandler
                0x08000320                SPI2_IRQHandler
                0x08000320                OTG_HS_EP1_IN_IRQHandler
                0x08000320                DMA1_Stream0_IRQHandler
                0x08000320                CAN1_TX_IRQHandler
                0x08000320                EXTI4_IRQHandler
                0x08000320                FSMC_IRQHandler
                0x08000320                ETH_IRQHandler
                0x08000320                OTG_HS_EP1_OUT_IRQHandler
                0x08000320                WWDG_IRQHandler
                0x08000320                TIM2_IRQHandler
                0x08000320                OTG_FS_WKUP_IRQHandler
                0x08000320                TIM1_TRG_COM_TIM11_IRQHandler
                0x08000320                OTG_HS_IRQHandler
                0x08000320                EXTI1_IRQHandler
                0x08000320                USART2_IRQHandler
                0x08000320                I2C2_ER_IRQHandler
                0x08000320                DMA2_Stream1_IRQHandler
                0x08000320                CAN1_SCE_IRQHandler
                0x08000320                FLASH_IRQHandler
                0x08000320                DMA2_Stream4_IRQHandler
                0x08000320                USART1_IRQHandler
                0x08000320                OTG_FS_IRQHandler
                0x08000320                SPI3_IRQHandler
                0x08000320                DMA1_Stream4_IRQHandler
                0x08000320                I2C1_ER_IRQHandler
                0x08000320                DMA2_Stream6_IRQHandler
                0x08000320                DMA1_Stream3_IRQHandler
 .text.NVIC_SetPriority
                0x0800038c       0x54 src\main.o
 .text.SysTick_Config
                0x080003e0       0x44 src\main.o
 .text.WaitCycle
                0x08000424       0x24 src\main.o
                0x08000424                WaitCycle
 .text.SysTick_Handler
                0x08000448       0x38 src\main.o
                0x08000448                SysTick_Handler
 .text.main     0x08000480       0xd4 src\main.o
                0x08000480                main
 .text.Game     0x08000554       0x84 src\game.o
                0x08000554                Game
 .text.Move_Ball
                0x080005d8      0x100 src\game.o
                0x080005d8                Move_Ball
 .text.Paddle_Bounce_Detection
                0x080006d8       0xbc src\game.o
                0x080006d8                Paddle_Bounce_Detection
 .text.Point_Detection
                0x08000794       0x54 src\game.o
                0x08000794                Point_Detection
 .text.Change_Y_Velocity
                0x080007e8       0x30 src\game.o
                0x080007e8                Change_Y_Velocity
 .text.Draw_display
                0x08000818      0x110 src\Draw_display.o
                0x08000818                Draw_display
 .text.__libc_init_array
                0x08000928       0x4c c:/apps/atollic/truestudio for arm 5.5.1/armtools/bin/../lib/gcc/arm-atollic-eabi/5.3.1/../../../../arm-atollic-eabi/lib/armv7e-m/softfp\libc_nano.a(lib_a-init.o)
                0x08000928                __libc_init_array
 .text.CARME_CAN_Read_Register
                0x08000974       0x30 ..\Libraries\libBSP.a(can.o)
 .text.CARME_CAN_Interrupt_Handler
                0x080009a4       0xf8 ..\Libraries\libBSP.a(can.o)
                0x080009a4                CARME_CAN_Interrupt_Handler
 .text.CARME_Init
                0x08000a9c       0xc0 ..\Libraries\libBSP.a(carme.o)
                0x08000a9c                CARME_Init
 .text.CARME_FSMC_GPIO_Init
                0x08000b5c       0x54 ..\Libraries\libBSP.a(carme.o)
 .text.CARME_FSMC_Init
                0x08000bb0      0x164 ..\Libraries\libBSP.a(carme.o)
 .text.CARME_AGPIO_Init
                0x08000d14       0x24 ..\Libraries\libBSP.a(carme.o)
 .text.CARME_GPIO_Init
                0x08000d38      0x1f4 ..\Libraries\libBSP.a(carme.o)
                0x08000d38                CARME_GPIO_Init
 .text.SystemInit
                0x08000f2c       0x68 ..\Libraries\libBSP.a(system_stm32f4xx.o)
                0x08000f2c                SystemInit
 .text.SetSysClock
                0x08000f94       0xf4 ..\Libraries\libBSP.a(system_stm32f4xx.o)
 .text.EXTI_GetITStatus
                0x08001088       0x34 ..\Libraries\libBSP.a(stm32f4xx_exti.o)
                0x08001088                EXTI_GetITStatus
 .text.EXTI_ClearITPendingBit
                0x080010bc       0x1c ..\Libraries\libBSP.a(stm32f4xx_exti.o)
                0x080010bc                EXTI_ClearITPendingBit
 .text.FSMC_NORSRAMDeInit
                0x080010d8       0x58 ..\Libraries\libBSP.a(stm32f4xx_fsmc.o)
                0x080010d8                FSMC_NORSRAMDeInit
 .text.FSMC_NORSRAMInit
                0x08001130      0x134 ..\Libraries\libBSP.a(stm32f4xx_fsmc.o)
                0x08001130                FSMC_NORSRAMInit
 .text.FSMC_NORSRAMCmd
                0x08001264       0x54 ..\Libraries\libBSP.a(stm32f4xx_fsmc.o)
                0x08001264                FSMC_NORSRAMCmd
 .text.GPIO_DeInit
                0x080012b8      0x164 ..\Libraries\libBSP.a(stm32f4xx_gpio.o)
                0x080012b8                GPIO_DeInit
 .text.GPIO_Init
                0x0800141c      0x11c ..\Libraries\libBSP.a(stm32f4xx_gpio.o)
                0x0800141c                GPIO_Init
 .text.GPIO_StructInit
                0x08001538       0x34 ..\Libraries\libBSP.a(stm32f4xx_gpio.o)
                0x08001538                GPIO_StructInit
 .text.GPIO_PinAFConfig
                0x0800156c       0x8c ..\Libraries\libBSP.a(stm32f4xx_gpio.o)
                0x0800156c                GPIO_PinAFConfig
 .text.RCC_AHB1PeriphClockCmd
                0x080015f8       0x3c ..\Libraries\libBSP.a(stm32f4xx_rcc.o)
                0x080015f8                RCC_AHB1PeriphClockCmd
 .text.RCC_AHB3PeriphClockCmd
                0x08001634       0x3c ..\Libraries\libBSP.a(stm32f4xx_rcc.o)
                0x08001634                RCC_AHB3PeriphClockCmd
 .text.RCC_APB2PeriphClockCmd
                0x08001670       0x3c ..\Libraries\libBSP.a(stm32f4xx_rcc.o)
                0x08001670                RCC_APB2PeriphClockCmd
 .text.RCC_AHB1PeriphResetCmd
                0x080016ac       0x3c ..\Libraries\libBSP.a(stm32f4xx_rcc.o)
                0x080016ac                RCC_AHB1PeriphResetCmd
 .text.LCD_FillArea
                0x080016e8       0x24 ..\Libraries\libsGUI.a(geometry.o)
 .text.LCD_WritePixel
                0x0800170c       0x28 ..\Libraries\libsGUI.a(geometry.o)
 .text.LCD_DrawRectF
                0x08001734       0x30 ..\Libraries\libsGUI.a(geometry.o)
                0x08001734                LCD_DrawRectF
 .text.LCD_DrawCircle
                0x08001764       0x98 ..\Libraries\libsGUI.a(geometry.o)
                0x08001764                LCD_DrawCircle
 .text.LCD_WriteArea
                0x080017fc       0x24 ..\Libraries\libsGUI.a(text.o)
 .text.LCD_DrawChar
                0x08001820      0x110 ..\Libraries\libsGUI.a(text.o)
 .text.LCD_DisplayCharXY
                0x08001930       0x60 ..\Libraries\libsGUI.a(text.o)
                0x08001930                LCD_DisplayCharXY
 .text.LCD_DisplayStringXY
                0x08001990       0x48 ..\Libraries\libsGUI.a(text.o)
                0x08001990                LCD_DisplayStringXY
 .text.memcpy   0x080019d8       0x16 c:/apps/atollic/truestudio for arm 5.5.1/armtools/bin/../lib/gcc/arm-atollic-eabi/5.3.1/../../../../arm-atollic-eabi/lib/armv7e-m/softfp\libc.a(lib_a-memcpy-stub.o)
                0x080019d8                memcpy
 *(.rodata)
 *fill*         0x080019ee        0x2 
 .rodata        0x080019f0       0x1a src\main.o
 *fill*         0x08001a0a        0x2 
 .rodata        0x08001a0c      0x1a8 ..\Libraries\libBSP.a(carme.o)
 *(.rodata*)
 *(.glue_7)
 .glue_7        0x08001bb4        0x0 linker stubs
 *(.glue_7t)
 .glue_7t       0x08001bb4        0x0 linker stubs
 *(.eh_frame)
 .eh_frame      0x08001bb4        0x0 c:/apps/atollic/truestudio for arm 5.5.1/armtools/bin/../lib/gcc/arm-atollic-eabi/5.3.1/armv7e-m/softfp/crtbegin.o
 *(.init)
 .init          0x08001bb4        0x4 c:/apps/atollic/truestudio for arm 5.5.1/armtools/bin/../lib/gcc/arm-atollic-eabi/5.3.1/armv7e-m/softfp/crti.o
                0x08001bb4                _init
 .init          0x08001bb8        0x8 c:/apps/atollic/truestudio for arm 5.5.1/armtools/bin/../lib/gcc/arm-atollic-eabi/5.3.1/armv7e-m/softfp/crtn.o
 *(.fini)
 .fini          0x08001bc0        0x4 c:/apps/atollic/truestudio for arm 5.5.1/armtools/bin/../lib/gcc/arm-atollic-eabi/5.3.1/armv7e-m/softfp/crti.o
                0x08001bc0                _fini
 .fini          0x08001bc4        0x8 c:/apps/atollic/truestudio for arm 5.5.1/armtools/bin/../lib/gcc/arm-atollic-eabi/5.3.1/armv7e-m/softfp/crtn.o
                0x08001bcc                . = ALIGN (0x4)
                0x08001bcc                _etext = .

.vfp11_veneer   0x08001bcc        0x0
 .vfp11_veneer  0x08001bcc        0x0 linker stubs

.v4_bx          0x08001bcc        0x0
 .v4_bx         0x08001bcc        0x0 linker stubs

.iplt           0x08001bcc        0x0
 .iplt          0x08001bcc        0x0 c:/apps/atollic/truestudio for arm 5.5.1/armtools/bin/../lib/gcc/arm-atollic-eabi/5.3.1/armv7e-m/softfp/crtbegin.o

.rel.dyn        0x08001bcc        0x0
 .rel.iplt      0x08001bcc        0x0 c:/apps/atollic/truestudio for arm 5.5.1/armtools/bin/../lib/gcc/arm-atollic-eabi/5.3.1/armv7e-m/softfp/crtbegin.o

.ARM.extab
 *(.ARM.extab* .gnu.linkonce.armextab.*)

.ARM            0x08001bcc        0x0
                0x08001bcc                __exidx_start = .
 *(.ARM.exidx*)
                0x08001bcc                __exidx_end = .

.preinit_array  0x08001bcc        0x0
                0x08001bcc                PROVIDE (__preinit_array_start, .)
 *(.preinit_array*)
                0x08001bcc                PROVIDE (__preinit_array_end, .)

.init_array     0x08001bcc        0x4
                0x08001bcc                PROVIDE (__init_array_start, .)
 *(SORT(.init_array.*))
 *(.init_array*)
 .init_array    0x08001bcc        0x4 c:/apps/atollic/truestudio for arm 5.5.1/armtools/bin/../lib/gcc/arm-atollic-eabi/5.3.1/armv7e-m/softfp/crtbegin.o
                0x08001bd0                PROVIDE (__init_array_end, .)

.fini_array     0x08001bd0        0x4
                [!provide]                PROVIDE (__fini_array_start, .)
 *(SORT(.fini_array.*))
 *(.fini_array*)
 .fini_array    0x08001bd0        0x4 c:/apps/atollic/truestudio for arm 5.5.1/armtools/bin/../lib/gcc/arm-atollic-eabi/5.3.1/armv7e-m/softfp/crtbegin.o
                [!provide]                PROVIDE (__fini_array_end, .)
                0x08001bd4                _sidata = LOADADDR (.data)

.data           0x20000000      0x2a0 load address 0x08001bd4
                0x20000000                . = ALIGN (0x4)
                0x20000000                _sdata = .
 *(.data)
 *(.data*)
 .data.ball_velocity_x
                0x20000000        0x4 src\game.o
                0x20000000                ball_velocity_x
 .data.gaming.7746
                0x20000004        0x1 src\game.o
 *fill*         0x20000005        0x3 
 .data.SJA1000_CMD
                0x20000008        0x4 ..\Libraries\libBSP.a(can.o)
 .data.SJA1000_DATA
                0x2000000c        0x4 ..\Libraries\libBSP.a(can.o)
 .data.CARME_AGPIO_Port_Pin
                0x20000010       0xa0 ..\Libraries\libBSP.a(carme.o)
 .data.SystemCoreClock
                0x200000b0        0x4 ..\Libraries\libBSP.a(system_stm32f4xx.o)
                0x200000b0                SystemCoreClock
 .data.TextColor
                0x200000b4        0x2 ..\Libraries\libsGUI.a(text.o)
 *fill*         0x200000b6        0x2 
 .data.CurrentFont
                0x200000b8        0x4 ..\Libraries\libsGUI.a(text.o)
 .data.font_5x8_data
                0x200000bc      0x1dc ..\Libraries\libsGUI.a(font.o)
 .data.font_5x8
                0x20000298        0x8 ..\Libraries\libsGUI.a(font.o)
                0x20000298                font_5x8
                0x200002a0                . = ALIGN (0x4)
                0x200002a0                _edata = .
                0x08001e74                _siccmram = LOADADDR (.ccmram)

.igot.plt       0x200002a0        0x0 load address 0x08001e74
 .igot.plt      0x200002a0        0x0 c:/apps/atollic/truestudio for arm 5.5.1/armtools/bin/../lib/gcc/arm-atollic-eabi/5.3.1/armv7e-m/softfp/crtbegin.o

.ccmram         0x10000000        0x0 load address 0x08001e74
                0x10000000                . = ALIGN (0x4)
                0x10000000                _sccmram = .
 *(.ccmram)
 *(.ccmram*)
                0x10000000                . = ALIGN (0x4)
                0x10000000                _eccmram = .
                0x10000000                . = ALIGN (0x4)

.bss            0x200002a0       0x68
                0x200002a0                _sbss = .
                0x200002a0                __bss_start__ = _sbss
 *(.bss)
 .bss           0x200002a0       0x1c c:/apps/atollic/truestudio for arm 5.5.1/armtools/bin/../lib/gcc/arm-atollic-eabi/5.3.1/armv7e-m/softfp/crtbegin.o
 *(.bss*)
 .bss.time_counter
                0x200002bc        0x4 src\main.o
 .bss.continue_cycle
                0x200002c0        0x1 src\main.o
 *fill*         0x200002c1        0x3 
 .bss.ball_velocity_y
                0x200002c4        0x4 src\game.o
                0x200002c4                ball_velocity_y
 .bss.counter.7751
                0x200002c8        0x4 src\game.o
 .bss.CARME_CAN_IRQCallbacks
                0x200002cc       0x20 ..\Libraries\libBSP.a(can.o)
 .bss.BackColor
                0x200002ec        0x2 ..\Libraries\libsGUI.a(text.o)
 *(COMMON)
 *fill*         0x200002ee        0x2 
 COMMON         0x200002f0       0x18 src\main.o
                0x200002f0                paddle_right_coordinate_y
                0x200002f4                paddle_left_coordinate_y
                0x200002f8                paddle_left_coordinate_x
                0x200002fc                ball_coordinate_x
                0x20000300                paddle_right_coordinate_x
                0x20000304                ball_coordinate_y
                0x20000308                . = ALIGN (0x4)
                0x20000308                _ebss = .
                0x20000308                __bss_end__ = _ebss

._user_heap_stack
                0x20000308     0x2000
                0x20000308                . = ALIGN (0x4)
                0x20000308                PROVIDE (end, .)
                [!provide]                PROVIDE (_end, .)
                0x20001308                . = (. + _Min_Heap_Size)
 *fill*         0x20000308     0x1000 
                0x20002308                . = (. + _Min_Stack_Size)
 *fill*         0x20001308     0x1000 
                0x20002308                . = ALIGN (0x4)

.memory_b1_text
 *(.mb1text)
 *(.mb1text*)
 *(.mb1rodata)
 *(.mb1rodata*)

/DISCARD/
 libc.a(*)
 libm.a(*)
 libgcc.a(*)

.ARM.attributes
                0x00000000       0x2c
 *(.ARM.attributes)
 .ARM.attributes
                0x00000000       0x22 c:/apps/atollic/truestudio for arm 5.5.1/armtools/bin/../lib/gcc/arm-atollic-eabi/5.3.1/armv7e-m/softfp/crti.o
 .ARM.attributes
                0x00000022       0x32 c:/apps/atollic/truestudio for arm 5.5.1/armtools/bin/../lib/gcc/arm-atollic-eabi/5.3.1/armv7e-m/softfp/crtbegin.o
 .ARM.attributes
                0x00000054       0x37 src\stm32f4xx_it.o
 .ARM.attributes
                0x0000008b       0x21 src\startup.o
 .ARM.attributes
                0x000000ac       0x37 src\main.o
 .ARM.attributes
                0x000000e3       0x37 src\game.o
 .ARM.attributes
                0x0000011a       0x21 src\functions.o
 .ARM.attributes
                0x0000013b       0x21 src\Switch.o
 .ARM.attributes
                0x0000015c       0x37 src\Draw_display.o
 .ARM.attributes
                0x00000193       0x32 c:/apps/atollic/truestudio for arm 5.5.1/armtools/bin/../lib/gcc/arm-atollic-eabi/5.3.1/../../../../arm-atollic-eabi/lib/armv7e-m/softfp\libc_nano.a(lib_a-init.o)
 .ARM.attributes
                0x000001c5       0x22 c:/apps/atollic/truestudio for arm 5.5.1/armtools/bin/../lib/gcc/arm-atollic-eabi/5.3.1/armv7e-m/softfp/crtn.o
 .ARM.attributes
                0x000001e7       0x37 ..\Libraries\libBSP.a(can.o)
 .ARM.attributes
                0x0000021e       0x37 ..\Libraries\libBSP.a(carme.o)
 .ARM.attributes
                0x00000255       0x37 ..\Libraries\libBSP.a(system_stm32f4xx.o)
 .ARM.attributes
                0x0000028c       0x37 ..\Libraries\libBSP.a(stm32f4xx_exti.o)
 .ARM.attributes
                0x000002c3       0x37 ..\Libraries\libBSP.a(stm32f4xx_fsmc.o)
 .ARM.attributes
                0x000002fa       0x37 ..\Libraries\libBSP.a(stm32f4xx_gpio.o)
 .ARM.attributes
                0x00000331       0x37 ..\Libraries\libBSP.a(stm32f4xx_rcc.o)
 .ARM.attributes
                0x00000368       0x37 ..\Libraries\libsGUI.a(geometry.o)
 .ARM.attributes
                0x0000039f       0x37 ..\Libraries\libsGUI.a(text.o)
 .ARM.attributes
                0x000003d6       0x37 ..\Libraries\libsGUI.a(font.o)
OUTPUT(Project_Pong.elf elf32-littlearm)

.debug_info     0x00000000     0x53a6
 .debug_info    0x00000000      0x238 src\stm32f4xx_it.o
 .debug_info    0x00000238       0x59 src\startup.o
 .debug_info    0x00000291      0x7ff src\main.o
 .debug_info    0x00000a90      0x2bf src\game.o
 .debug_info    0x00000d4f       0x5f src\functions.o
 .debug_info    0x00000dae       0x5c src\Switch.o
 .debug_info    0x00000e0a      0x122 src\Draw_display.o
 .debug_info    0x00000f2c      0xae4 ..\Libraries\libBSP.a(can.o)
 .debug_info    0x00001a10      0x695 ..\Libraries\libBSP.a(carme.o)
 .debug_info    0x000020a5      0x5c0 ..\Libraries\libBSP.a(system_stm32f4xx.o)
 .debug_info    0x00002665      0x33c ..\Libraries\libBSP.a(stm32f4xx_exti.o)
 .debug_info    0x000029a1      0x8f9 ..\Libraries\libBSP.a(stm32f4xx_fsmc.o)
 .debug_info    0x0000329a      0x609 ..\Libraries\libBSP.a(stm32f4xx_gpio.o)
 .debug_info    0x000038a3      0xe06 ..\Libraries\libBSP.a(stm32f4xx_rcc.o)
 .debug_info    0x000046a9      0x3bf ..\Libraries\libsGUI.a(geometry.o)
 .debug_info    0x00004a68      0x4ad ..\Libraries\libsGUI.a(text.o)
 .debug_info    0x00004f15      0x491 ..\Libraries\libsGUI.a(font.o)

.debug_abbrev   0x00000000     0x1367
 .debug_abbrev  0x00000000      0x108 src\stm32f4xx_it.o
 .debug_abbrev  0x00000108       0x12 src\startup.o
 .debug_abbrev  0x0000011a      0x1ed src\main.o
 .debug_abbrev  0x00000307       0xd9 src\game.o
 .debug_abbrev  0x000003e0       0x14 src\functions.o
 .debug_abbrev  0x000003f4       0x14 src\Switch.o
 .debug_abbrev  0x00000408       0x89 src\Draw_display.o
 .debug_abbrev  0x00000491      0x25e ..\Libraries\libBSP.a(can.o)
 .debug_abbrev  0x000006ef      0x1c0 ..\Libraries\libBSP.a(carme.o)
 .debug_abbrev  0x000008af      0x138 ..\Libraries\libBSP.a(system_stm32f4xx.o)
 .debug_abbrev  0x000009e7      0x1a7 ..\Libraries\libBSP.a(stm32f4xx_exti.o)
 .debug_abbrev  0x00000b8e      0x172 ..\Libraries\libBSP.a(stm32f4xx_fsmc.o)
 .debug_abbrev  0x00000d00      0x1a5 ..\Libraries\libBSP.a(stm32f4xx_gpio.o)
 .debug_abbrev  0x00000ea5      0x1bc ..\Libraries\libBSP.a(stm32f4xx_rcc.o)
 .debug_abbrev  0x00001061       0xbd ..\Libraries\libsGUI.a(geometry.o)
 .debug_abbrev  0x0000111e      0x19f ..\Libraries\libsGUI.a(text.o)
 .debug_abbrev  0x000012bd       0xaa ..\Libraries\libsGUI.a(font.o)

.debug_aranges  0x00000000      0x6f0
 .debug_aranges
                0x00000000       0x80 src\stm32f4xx_it.o
 .debug_aranges
                0x00000080       0x28 src\startup.o
 .debug_aranges
                0x000000a8       0x40 src\main.o
 .debug_aranges
                0x000000e8       0x40 src\game.o
 .debug_aranges
                0x00000128       0x20 src\functions.o
 .debug_aranges
                0x00000148       0x20 src\Switch.o
 .debug_aranges
                0x00000168       0x20 src\Draw_display.o
 .debug_aranges
                0x00000188       0x90 ..\Libraries\libBSP.a(can.o)
 .debug_aranges
                0x00000218       0x78 ..\Libraries\libBSP.a(carme.o)
 .debug_aranges
                0x00000290       0x30 ..\Libraries\libBSP.a(system_stm32f4xx.o)
 .debug_aranges
                0x000002c0       0x58 ..\Libraries\libBSP.a(stm32f4xx_exti.o)
 .debug_aranges
                0x00000318       0xb0 ..\Libraries\libBSP.a(stm32f4xx_fsmc.o)
 .debug_aranges
                0x000003c8       0x88 ..\Libraries\libBSP.a(stm32f4xx_gpio.o)
 .debug_aranges
                0x00000450      0x1b8 ..\Libraries\libBSP.a(stm32f4xx_rcc.o)
 .debug_aranges
                0x00000608       0x50 ..\Libraries\libsGUI.a(geometry.o)
 .debug_aranges
                0x00000658       0x80 ..\Libraries\libsGUI.a(text.o)
 .debug_aranges
                0x000006d8       0x18 ..\Libraries\libsGUI.a(font.o)

.debug_ranges   0x00000000      0x5c0
 .debug_ranges  0x00000000       0x70 src\stm32f4xx_it.o
 .debug_ranges  0x00000070       0x20 src\startup.o
 .debug_ranges  0x00000090       0x30 src\main.o
 .debug_ranges  0x000000c0       0x30 src\game.o
 .debug_ranges  0x000000f0       0x10 src\Draw_display.o
 .debug_ranges  0x00000100       0x80 ..\Libraries\libBSP.a(can.o)
 .debug_ranges  0x00000180       0x68 ..\Libraries\libBSP.a(carme.o)
 .debug_ranges  0x000001e8       0x20 ..\Libraries\libBSP.a(system_stm32f4xx.o)
 .debug_ranges  0x00000208       0x48 ..\Libraries\libBSP.a(stm32f4xx_exti.o)
 .debug_ranges  0x00000250       0xa0 ..\Libraries\libBSP.a(stm32f4xx_fsmc.o)
 .debug_ranges  0x000002f0       0x78 ..\Libraries\libBSP.a(stm32f4xx_gpio.o)
 .debug_ranges  0x00000368      0x1a8 ..\Libraries\libBSP.a(stm32f4xx_rcc.o)
 .debug_ranges  0x00000510       0x40 ..\Libraries\libsGUI.a(geometry.o)
 .debug_ranges  0x00000550       0x70 ..\Libraries\libsGUI.a(text.o)

.debug_line     0x00000000     0x226e
 .debug_line    0x00000000      0x239 src\stm32f4xx_it.o
 .debug_line    0x00000239       0x99 src\startup.o
 .debug_line    0x000002d2      0x1d4 src\main.o
 .debug_line    0x000004a6      0x1a6 src\game.o
 .debug_line    0x0000064c       0x42 src\functions.o
 .debug_line    0x0000068e       0x43 src\Switch.o
 .debug_line    0x000006d1      0x15d src\Draw_display.o
 .debug_line    0x0000082e      0x35f ..\Libraries\libBSP.a(can.o)
 .debug_line    0x00000b8d      0x458 ..\Libraries\libBSP.a(carme.o)
 .debug_line    0x00000fe5      0x160 ..\Libraries\libBSP.a(system_stm32f4xx.o)
 .debug_line    0x00001145      0x1b3 ..\Libraries\libBSP.a(stm32f4xx_exti.o)
 .debug_line    0x000012f8      0x36b ..\Libraries\libBSP.a(stm32f4xx_fsmc.o)
 .debug_line    0x00001663      0x25c ..\Libraries\libBSP.a(stm32f4xx_gpio.o)
 .debug_line    0x000018bf      0x558 ..\Libraries\libBSP.a(stm32f4xx_rcc.o)
 .debug_line    0x00001e17      0x199 ..\Libraries\libsGUI.a(geometry.o)
 .debug_line    0x00001fb0      0x233 ..\Libraries\libsGUI.a(text.o)
 .debug_line    0x000021e3       0x8b ..\Libraries\libsGUI.a(font.o)

.debug_str      0x00000000     0x2795
 .debug_str     0x00000000      0x299 src\stm32f4xx_it.o
                                0x2f5 (size before relaxing)
 .debug_str     0x00000299      0x747 src\main.o
                                0x927 (size before relaxing)
 .debug_str     0x000009e0       0xc2 src\game.o
                                0x323 (size before relaxing)
 .debug_str     0x00000aa2       0x16 src\Draw_display.o
                                0x24a (size before relaxing)
 .debug_str     0x00000ab8      0x6fa ..\Libraries\libBSP.a(can.o)
                                0xdb9 (size before relaxing)
 .debug_str     0x000011b2      0x3a6 ..\Libraries\libBSP.a(carme.o)
                                0x71c (size before relaxing)
 .debug_str     0x00001558      0x17f ..\Libraries\libBSP.a(system_stm32f4xx.o)
                                0x3f2 (size before relaxing)
 .debug_str     0x000016d7       0xf8 ..\Libraries\libBSP.a(stm32f4xx_exti.o)
                                0x37f (size before relaxing)
 .debug_str     0x000017cf      0x3b5 ..\Libraries\libBSP.a(stm32f4xx_fsmc.o)
                                0x7bd (size before relaxing)
 .debug_str     0x00001b84      0x123 ..\Libraries\libBSP.a(stm32f4xx_gpio.o)
                                0x4d3 (size before relaxing)
 .debug_str     0x00001ca7      0x66d ..\Libraries\libBSP.a(stm32f4xx_rcc.o)
                                0x9c8 (size before relaxing)
 .debug_str     0x00002314       0xf5 ..\Libraries\libsGUI.a(geometry.o)
                                0x28b (size before relaxing)
 .debug_str     0x00002409      0x143 ..\Libraries\libsGUI.a(text.o)
                                0x352 (size before relaxing)
 .debug_str     0x0000254c      0x249 ..\Libraries\libsGUI.a(font.o)
                                0x403 (size before relaxing)

.comment        0x00000000       0xab
 .comment       0x00000000       0x7e src\stm32f4xx_it.o
                                 0x7f (size before relaxing)
 .comment       0x0000007e       0x7f src\main.o
 .comment       0x0000007e       0x7f src\game.o
 .comment       0x0000007e       0x7f src\Draw_display.o
 .comment       0x0000007e       0x2d ..\Libraries\libBSP.a(can.o)
                                 0x2e (size before relaxing)
 .comment       0x000000ab       0x2e ..\Libraries\libBSP.a(carme.o)
 .comment       0x000000ab       0x2e ..\Libraries\libBSP.a(system_stm32f4xx.o)
 .comment       0x000000ab       0x2e ..\Libraries\libBSP.a(stm32f4xx_exti.o)
 .comment       0x000000ab       0x2e ..\Libraries\libBSP.a(stm32f4xx_fsmc.o)
 .comment       0x000000ab       0x2e ..\Libraries\libBSP.a(stm32f4xx_gpio.o)
 .comment       0x000000ab       0x2e ..\Libraries\libBSP.a(stm32f4xx_rcc.o)
 .comment       0x000000ab       0x2e ..\Libraries\libsGUI.a(geometry.o)
 .comment       0x000000ab       0x2e ..\Libraries\libsGUI.a(text.o)
 .comment       0x000000ab       0x2e ..\Libraries\libsGUI.a(font.o)

.debug_frame    0x00000000     0x1444
 .debug_frame   0x00000000      0x1a0 src\stm32f4xx_it.o
 .debug_frame   0x000001a0       0xc0 src\main.o
 .debug_frame   0x00000260       0xd0 src\game.o
 .debug_frame   0x00000330       0x38 src\Draw_display.o
 .debug_frame   0x00000368       0x2c c:/apps/atollic/truestudio for arm 5.5.1/armtools/bin/../lib/gcc/arm-atollic-eabi/5.3.1/../../../../arm-atollic-eabi/lib/armv7e-m/softfp\libc_nano.a(lib_a-init.o)
 .debug_frame   0x00000394      0x1e0 ..\Libraries\libBSP.a(can.o)
 .debug_frame   0x00000574      0x178 ..\Libraries\libBSP.a(carme.o)
 .debug_frame   0x000006ec       0x64 ..\Libraries\libBSP.a(system_stm32f4xx.o)
 .debug_frame   0x00000750       0xec ..\Libraries\libBSP.a(stm32f4xx_exti.o)
 .debug_frame   0x0000083c      0x220 ..\Libraries\libBSP.a(stm32f4xx_fsmc.o)
 .debug_frame   0x00000a5c      0x19c ..\Libraries\libBSP.a(stm32f4xx_gpio.o)
 .debug_frame   0x00000bf8      0x5b8 ..\Libraries\libBSP.a(stm32f4xx_rcc.o)
 .debug_frame   0x000011b0       0xf0 ..\Libraries\libsGUI.a(geometry.o)
 .debug_frame   0x000012a0      0x1a4 ..\Libraries\libsGUI.a(text.o)

Cross Reference Table

Symbol                                            File
ADC_IRQHandler                                    src\startup.o
AHBPrescTable                                     ..\Libraries\libBSP.a(system_stm32f4xx.o)
BusFault_Handler                                  src\stm32f4xx_it.o
CAN1_RX0_IRQHandler                               src\startup.o
CAN1_RX1_IRQHandler                               src\startup.o
CAN1_SCE_IRQHandler                               src\startup.o
CAN1_TX_IRQHandler                                src\startup.o
CAN2_RX0_IRQHandler                               src\startup.o
CAN2_RX1_IRQHandler                               src\startup.o
CAN2_SCE_IRQHandler                               src\startup.o
CAN2_TX_IRQHandler                                src\startup.o
CARME_AGPIO_Get                                   ..\Libraries\libBSP.a(carme.o)
CARME_AGPIO_Set                                   ..\Libraries\libBSP.a(carme.o)
CARME_CAN_GetAcceptaceFilter                      ..\Libraries\libBSP.a(can.o)
CARME_CAN_Init                                    ..\Libraries\libBSP.a(can.o)
CARME_CAN_InitI                                   ..\Libraries\libBSP.a(can.o)
CARME_CAN_Interrupt_Handler                       ..\Libraries\libBSP.a(can.o)
                                                  src\stm32f4xx_it.o
CARME_CAN_Read                                    ..\Libraries\libBSP.a(can.o)
CARME_CAN_RegisterIRQCallback                     ..\Libraries\libBSP.a(can.o)
CARME_CAN_SetAcceptaceFilter                      ..\Libraries\libBSP.a(can.o)
CARME_CAN_SetBaudrate                             ..\Libraries\libBSP.a(can.o)
CARME_CAN_SetMode                                 ..\Libraries\libBSP.a(can.o)
CARME_CAN_UnregisterIRQCallback                   ..\Libraries\libBSP.a(can.o)
CARME_CAN_Write                                   ..\Libraries\libBSP.a(can.o)
CARME_GPIO_Init                                   ..\Libraries\libBSP.a(carme.o)
CARME_Init                                        ..\Libraries\libBSP.a(carme.o)
                                                  src\startup.o
CARME_LED_Green_Reset                             ..\Libraries\libBSP.a(carme.o)
CARME_LED_Green_Set                               ..\Libraries\libBSP.a(carme.o)
CARME_LED_Red_Reset                               ..\Libraries\libBSP.a(carme.o)
CARME_LED_Red_Set                                 ..\Libraries\libBSP.a(carme.o)
CRYP_IRQHandler                                   src\startup.o
Carme_I01_Button_S0                               src\Switch.o
                                                  src\main.o
Change_Y_Velocity                                 src\game.o
DCMI_IRQHandler                                   src\startup.o
DMA1_Stream0_IRQHandler                           src\startup.o
DMA1_Stream1_IRQHandler                           src\startup.o
DMA1_Stream2_IRQHandler                           src\startup.o
DMA1_Stream3_IRQHandler                           src\startup.o
DMA1_Stream4_IRQHandler                           src\startup.o
DMA1_Stream5_IRQHandler                           src\startup.o
DMA1_Stream6_IRQHandler                           src\startup.o
DMA1_Stream7_IRQHandler                           src\startup.o
DMA2_Stream0_IRQHandler                           src\startup.o
DMA2_Stream1_IRQHandler                           src\startup.o
DMA2_Stream2_IRQHandler                           src\startup.o
DMA2_Stream3_IRQHandler                           src\startup.o
DMA2_Stream4_IRQHandler                           src\startup.o
DMA2_Stream5_IRQHandler                           src\startup.o
DMA2_Stream6_IRQHandler                           src\startup.o
DMA2_Stream7_IRQHandler                           src\startup.o
DebugMon_Handler                                  src\stm32f4xx_it.o
Default_Handler                                   src\startup.o
                                                  src\stm32f4xx_it.o
Draw_display                                      src\Draw_display.o
                                                  src\main.o
ETH_IRQHandler                                    src\startup.o
ETH_WKUP_IRQHandler                               src\startup.o
EXTI0_IRQHandler                                  src\stm32f4xx_it.o
EXTI15_10_IRQHandler                              src\stm32f4xx_it.o
EXTI1_IRQHandler                                  src\startup.o
EXTI2_IRQHandler                                  src\startup.o
EXTI3_IRQHandler                                  src\startup.o
EXTI4_IRQHandler                                  src\startup.o
EXTI9_5_IRQHandler                                src\stm32f4xx_it.o
EXTI_ClearFlag                                    ..\Libraries\libBSP.a(stm32f4xx_exti.o)
EXTI_ClearITPendingBit                            ..\Libraries\libBSP.a(stm32f4xx_exti.o)
                                                  src\stm32f4xx_it.o
EXTI_DeInit                                       ..\Libraries\libBSP.a(stm32f4xx_exti.o)
EXTI_GenerateSWInterrupt                          ..\Libraries\libBSP.a(stm32f4xx_exti.o)
EXTI_GetFlagStatus                                ..\Libraries\libBSP.a(stm32f4xx_exti.o)
EXTI_GetITStatus                                  ..\Libraries\libBSP.a(stm32f4xx_exti.o)
                                                  src\stm32f4xx_it.o
EXTI_Init                                         ..\Libraries\libBSP.a(stm32f4xx_exti.o)
                                                  ..\Libraries\libBSP.a(can.o)
EXTI_StructInit                                   ..\Libraries\libBSP.a(stm32f4xx_exti.o)
FLASH_IRQHandler                                  src\startup.o
FPU_IRQHandler                                    src\startup.o
FSMC_ClearFlag                                    ..\Libraries\libBSP.a(stm32f4xx_fsmc.o)
FSMC_ClearITPendingBit                            ..\Libraries\libBSP.a(stm32f4xx_fsmc.o)
FSMC_GetECC                                       ..\Libraries\libBSP.a(stm32f4xx_fsmc.o)
FSMC_GetFlagStatus                                ..\Libraries\libBSP.a(stm32f4xx_fsmc.o)
FSMC_GetITStatus                                  ..\Libraries\libBSP.a(stm32f4xx_fsmc.o)
FSMC_IRQHandler                                   src\startup.o
FSMC_ITConfig                                     ..\Libraries\libBSP.a(stm32f4xx_fsmc.o)
FSMC_NANDCmd                                      ..\Libraries\libBSP.a(stm32f4xx_fsmc.o)
FSMC_NANDDeInit                                   ..\Libraries\libBSP.a(stm32f4xx_fsmc.o)
FSMC_NANDECCCmd                                   ..\Libraries\libBSP.a(stm32f4xx_fsmc.o)
FSMC_NANDInit                                     ..\Libraries\libBSP.a(stm32f4xx_fsmc.o)
FSMC_NANDStructInit                               ..\Libraries\libBSP.a(stm32f4xx_fsmc.o)
FSMC_NORSRAMCmd                                   ..\Libraries\libBSP.a(stm32f4xx_fsmc.o)
                                                  ..\Libraries\libBSP.a(carme.o)
FSMC_NORSRAMDeInit                                ..\Libraries\libBSP.a(stm32f4xx_fsmc.o)
                                                  ..\Libraries\libBSP.a(carme.o)
FSMC_NORSRAMInit                                  ..\Libraries\libBSP.a(stm32f4xx_fsmc.o)
                                                  ..\Libraries\libBSP.a(carme.o)
FSMC_NORSRAMStructInit                            ..\Libraries\libBSP.a(stm32f4xx_fsmc.o)
FSMC_PCCARDCmd                                    ..\Libraries\libBSP.a(stm32f4xx_fsmc.o)
FSMC_PCCARDDeInit                                 ..\Libraries\libBSP.a(stm32f4xx_fsmc.o)
FSMC_PCCARDInit                                   ..\Libraries\libBSP.a(stm32f4xx_fsmc.o)
FSMC_PCCARDStructInit                             ..\Libraries\libBSP.a(stm32f4xx_fsmc.o)
GPIO_DeInit                                       ..\Libraries\libBSP.a(stm32f4xx_gpio.o)
                                                  ..\Libraries\libBSP.a(carme.o)
GPIO_Init                                         ..\Libraries\libBSP.a(stm32f4xx_gpio.o)
                                                  ..\Libraries\libBSP.a(carme.o)
                                                  ..\Libraries\libBSP.a(can.o)
GPIO_PinAFConfig                                  ..\Libraries\libBSP.a(stm32f4xx_gpio.o)
                                                  ..\Libraries\libBSP.a(carme.o)
GPIO_PinLockConfig                                ..\Libraries\libBSP.a(stm32f4xx_gpio.o)
GPIO_ReadInputData                                ..\Libraries\libBSP.a(stm32f4xx_gpio.o)
GPIO_ReadInputDataBit                             ..\Libraries\libBSP.a(stm32f4xx_gpio.o)
                                                  ..\Libraries\libBSP.a(carme.o)
GPIO_ReadOutputData                               ..\Libraries\libBSP.a(stm32f4xx_gpio.o)
GPIO_ReadOutputDataBit                            ..\Libraries\libBSP.a(stm32f4xx_gpio.o)
                                                  ..\Libraries\libBSP.a(carme.o)
GPIO_ResetBits                                    ..\Libraries\libBSP.a(stm32f4xx_gpio.o)
GPIO_SetBits                                      ..\Libraries\libBSP.a(stm32f4xx_gpio.o)
GPIO_StructInit                                   ..\Libraries\libBSP.a(stm32f4xx_gpio.o)
                                                  ..\Libraries\libBSP.a(carme.o)
                                                  ..\Libraries\libBSP.a(can.o)
GPIO_ToggleBits                                   ..\Libraries\libBSP.a(stm32f4xx_gpio.o)
GPIO_Write                                        ..\Libraries\libBSP.a(stm32f4xx_gpio.o)
GPIO_WriteBit                                     ..\Libraries\libBSP.a(stm32f4xx_gpio.o)
                                                  ..\Libraries\libBSP.a(carme.o)
Game                                              src\game.o
                                                  src\main.o
HASH_RNG_IRQHandler                               src\startup.o
HardFault_Handler                                 src\stm32f4xx_it.o
I2C1_ER_IRQHandler                                src\startup.o
I2C1_EV_IRQHandler                                src\startup.o
I2C2_ER_IRQHandler                                src\startup.o
I2C2_EV_IRQHandler                                src\startup.o
I2C3_ER_IRQHandler                                src\startup.o
I2C3_EV_IRQHandler                                src\startup.o
LCD_ClearLine                                     ..\Libraries\libsGUI.a(text.o)
LCD_DisplayCharLine                               ..\Libraries\libsGUI.a(text.o)
LCD_DisplayCharXY                                 ..\Libraries\libsGUI.a(text.o)
LCD_DisplayStringCenterLine                       ..\Libraries\libsGUI.a(text.o)
LCD_DisplayStringLine                             ..\Libraries\libsGUI.a(text.o)
LCD_DisplayStringXY                               ..\Libraries\libsGUI.a(text.o)
                                                  src\main.o
LCD_DrawCircle                                    ..\Libraries\libsGUI.a(geometry.o)
                                                  src\Draw_display.o
LCD_DrawCircleF                                   ..\Libraries\libsGUI.a(geometry.o)
LCD_DrawLine                                      ..\Libraries\libsGUI.a(geometry.o)
LCD_DrawRect                                      ..\Libraries\libsGUI.a(geometry.o)
LCD_DrawRectF                                     ..\Libraries\libsGUI.a(geometry.o)
                                                  ..\Libraries\libsGUI.a(text.o)
                                                  src\Draw_display.o
LCD_GetFont                                       ..\Libraries\libsGUI.a(text.o)
LCD_GetLineCount                                  ..\Libraries\libsGUI.a(text.o)
LCD_SetBackColor                                  ..\Libraries\libsGUI.a(text.o)
LCD_SetFont                                       ..\Libraries\libsGUI.a(text.o)
LCD_SetTextColor                                  ..\Libraries\libsGUI.a(text.o)
MemManage_Handler                                 src\stm32f4xx_it.o
Move_Ball                                         src\game.o
NMI_Handler                                       src\stm32f4xx_it.o
NVIC_Init                                         ..\Libraries\libBSP.a(misc.o)
                                                  ..\Libraries\libBSP.a(can.o)
NVIC_PriorityGroupConfig                          ..\Libraries\libBSP.a(misc.o)
NVIC_SetVectorTable                               ..\Libraries\libBSP.a(misc.o)
NVIC_SystemLPConfig                               ..\Libraries\libBSP.a(misc.o)
OTG_FS_IRQHandler                                 src\startup.o
OTG_FS_WKUP_IRQHandler                            src\startup.o
OTG_HS_EP1_IN_IRQHandler                          src\startup.o
OTG_HS_EP1_OUT_IRQHandler                         src\startup.o
OTG_HS_IRQHandler                                 src\startup.o
OTG_HS_WKUP_IRQHandler                            src\startup.o
PVD_IRQHandler                                    src\startup.o
Paddle_Bounce_Detection                           src\game.o
PendSV_Handler                                    src\stm32f4xx_it.o
Point_Detection                                   src\game.o
RCC_AHB1PeriphClockCmd                            ..\Libraries\libBSP.a(stm32f4xx_rcc.o)
                                                  ..\Libraries\libBSP.a(carme.o)
RCC_AHB1PeriphClockLPModeCmd                      ..\Libraries\libBSP.a(stm32f4xx_rcc.o)
RCC_AHB1PeriphResetCmd                            ..\Libraries\libBSP.a(stm32f4xx_rcc.o)
                                                  ..\Libraries\libBSP.a(stm32f4xx_gpio.o)
RCC_AHB2PeriphClockCmd                            ..\Libraries\libBSP.a(stm32f4xx_rcc.o)
RCC_AHB2PeriphClockLPModeCmd                      ..\Libraries\libBSP.a(stm32f4xx_rcc.o)
RCC_AHB2PeriphResetCmd                            ..\Libraries\libBSP.a(stm32f4xx_rcc.o)
RCC_AHB3PeriphClockCmd                            ..\Libraries\libBSP.a(stm32f4xx_rcc.o)
                                                  ..\Libraries\libBSP.a(carme.o)
RCC_AHB3PeriphClockLPModeCmd                      ..\Libraries\libBSP.a(stm32f4xx_rcc.o)
RCC_AHB3PeriphResetCmd                            ..\Libraries\libBSP.a(stm32f4xx_rcc.o)
RCC_APB1PeriphClockCmd                            ..\Libraries\libBSP.a(stm32f4xx_rcc.o)
RCC_APB1PeriphClockLPModeCmd                      ..\Libraries\libBSP.a(stm32f4xx_rcc.o)
RCC_APB1PeriphResetCmd                            ..\Libraries\libBSP.a(stm32f4xx_rcc.o)
                                                  ..\Libraries\libBSP.a(stm32f4xx_usart.o)
RCC_APB2PeriphClockCmd                            ..\Libraries\libBSP.a(stm32f4xx_rcc.o)
                                                  ..\Libraries\libBSP.a(carme.o)
RCC_APB2PeriphClockLPModeCmd                      ..\Libraries\libBSP.a(stm32f4xx_rcc.o)
RCC_APB2PeriphResetCmd                            ..\Libraries\libBSP.a(stm32f4xx_rcc.o)
                                                  ..\Libraries\libBSP.a(stm32f4xx_usart.o)
                                                  ..\Libraries\libBSP.a(stm32f4xx_syscfg.o)
RCC_AdjustHSICalibrationValue                     ..\Libraries\libBSP.a(stm32f4xx_rcc.o)
RCC_BackupResetCmd                                ..\Libraries\libBSP.a(stm32f4xx_rcc.o)
RCC_ClearFlag                                     ..\Libraries\libBSP.a(stm32f4xx_rcc.o)
RCC_ClearITPendingBit                             ..\Libraries\libBSP.a(stm32f4xx_rcc.o)
RCC_ClockSecuritySystemCmd                        ..\Libraries\libBSP.a(stm32f4xx_rcc.o)
RCC_DeInit                                        ..\Libraries\libBSP.a(stm32f4xx_rcc.o)
RCC_GetClocksFreq                                 ..\Libraries\libBSP.a(stm32f4xx_rcc.o)
                                                  ..\Libraries\libBSP.a(stm32f4xx_usart.o)
RCC_GetFlagStatus                                 ..\Libraries\libBSP.a(stm32f4xx_rcc.o)
RCC_GetITStatus                                   ..\Libraries\libBSP.a(stm32f4xx_rcc.o)
RCC_GetSYSCLKSource                               ..\Libraries\libBSP.a(stm32f4xx_rcc.o)
RCC_HCLKConfig                                    ..\Libraries\libBSP.a(stm32f4xx_rcc.o)
RCC_HSEConfig                                     ..\Libraries\libBSP.a(stm32f4xx_rcc.o)
RCC_HSICmd                                        ..\Libraries\libBSP.a(stm32f4xx_rcc.o)
RCC_I2SCLKConfig                                  ..\Libraries\libBSP.a(stm32f4xx_rcc.o)
RCC_IRQHandler                                    src\startup.o
RCC_ITConfig                                      ..\Libraries\libBSP.a(stm32f4xx_rcc.o)
RCC_LSEConfig                                     ..\Libraries\libBSP.a(stm32f4xx_rcc.o)
RCC_LSICmd                                        ..\Libraries\libBSP.a(stm32f4xx_rcc.o)
RCC_LTDCCLKDivConfig                              ..\Libraries\libBSP.a(stm32f4xx_rcc.o)
RCC_MCO1Config                                    ..\Libraries\libBSP.a(stm32f4xx_rcc.o)
RCC_MCO2Config                                    ..\Libraries\libBSP.a(stm32f4xx_rcc.o)
RCC_PCLK1Config                                   ..\Libraries\libBSP.a(stm32f4xx_rcc.o)
RCC_PCLK2Config                                   ..\Libraries\libBSP.a(stm32f4xx_rcc.o)
RCC_PLLCmd                                        ..\Libraries\libBSP.a(stm32f4xx_rcc.o)
RCC_PLLConfig                                     ..\Libraries\libBSP.a(stm32f4xx_rcc.o)
RCC_PLLI2SCmd                                     ..\Libraries\libBSP.a(stm32f4xx_rcc.o)
RCC_PLLI2SConfig                                  ..\Libraries\libBSP.a(stm32f4xx_rcc.o)
RCC_PLLSAICmd                                     ..\Libraries\libBSP.a(stm32f4xx_rcc.o)
RCC_PLLSAIConfig                                  ..\Libraries\libBSP.a(stm32f4xx_rcc.o)
RCC_RTCCLKCmd                                     ..\Libraries\libBSP.a(stm32f4xx_rcc.o)
RCC_RTCCLKConfig                                  ..\Libraries\libBSP.a(stm32f4xx_rcc.o)
RCC_SAIBlockACLKConfig                            ..\Libraries\libBSP.a(stm32f4xx_rcc.o)
RCC_SAIBlockBCLKConfig                            ..\Libraries\libBSP.a(stm32f4xx_rcc.o)
RCC_SAIPLLI2SClkDivConfig                         ..\Libraries\libBSP.a(stm32f4xx_rcc.o)
RCC_SAIPLLSAIClkDivConfig                         ..\Libraries\libBSP.a(stm32f4xx_rcc.o)
RCC_SYSCLKConfig                                  ..\Libraries\libBSP.a(stm32f4xx_rcc.o)
RCC_TIMCLKPresConfig                              ..\Libraries\libBSP.a(stm32f4xx_rcc.o)
RCC_WaitForHSEStartUp                             ..\Libraries\libBSP.a(stm32f4xx_rcc.o)
RTC_Alarm_IRQHandler                              src\startup.o
RTC_WKUP_IRQHandler                               src\startup.o
Reset_Handler                                     src\startup.o
SDIO_IRQHandler                                   src\startup.o
SPI1_IRQHandler                                   src\startup.o
SPI2_IRQHandler                                   src\startup.o
SPI3_IRQHandler                                   src\startup.o
SSD1963_FillArea                                  ..\Libraries\libsGUI.a(geometry.o)
SSD1963_WriteArea                                 ..\Libraries\libsGUI.a(text.o)
SSD1963_WritePixel                                ..\Libraries\libsGUI.a(geometry.o)
SVC_Handler                                       src\stm32f4xx_it.o
SYSCFG_CompensationCellCmd                        ..\Libraries\libBSP.a(stm32f4xx_syscfg.o)
SYSCFG_DeInit                                     ..\Libraries\libBSP.a(stm32f4xx_syscfg.o)
SYSCFG_ETH_MediaInterfaceConfig                   ..\Libraries\libBSP.a(stm32f4xx_syscfg.o)
SYSCFG_EXTILineConfig                             ..\Libraries\libBSP.a(stm32f4xx_syscfg.o)
                                                  ..\Libraries\libBSP.a(can.o)
SYSCFG_GetCompensationCellStatus                  ..\Libraries\libBSP.a(stm32f4xx_syscfg.o)
SYSCFG_MemoryRemapConfig                          ..\Libraries\libBSP.a(stm32f4xx_syscfg.o)
SYSCFG_MemorySwappingBank                         ..\Libraries\libBSP.a(stm32f4xx_syscfg.o)
SysTick_CLKSourceConfig                           ..\Libraries\libBSP.a(misc.o)
SysTick_Handler                                   src\main.o
                                                  src\startup.o
SystemCoreClock                                   ..\Libraries\libBSP.a(system_stm32f4xx.o)
                                                  src\main.o
SystemCoreClockUpdate                             ..\Libraries\libBSP.a(system_stm32f4xx.o)
SystemInit                                        ..\Libraries\libBSP.a(system_stm32f4xx.o)
                                                  src\startup.o
TAMP_STAMP_IRQHandler                             src\startup.o
TIM1_BRK_TIM9_IRQHandler                          src\startup.o
TIM1_CC_IRQHandler                                src\startup.o
TIM1_TRG_COM_TIM11_IRQHandler                     src\startup.o
TIM1_UP_TIM10_IRQHandler                          src\startup.o
TIM2_IRQHandler                                   src\startup.o
TIM3_IRQHandler                                   src\startup.o
TIM4_IRQHandler                                   src\startup.o
TIM5_IRQHandler                                   src\startup.o
TIM6_DAC_IRQHandler                               src\startup.o
TIM7_IRQHandler                                   src\startup.o
TIM8_BRK_TIM12_IRQHandler                         src\startup.o
TIM8_CC_IRQHandler                                src\startup.o
TIM8_TRG_COM_TIM14_IRQHandler                     src\startup.o
TIM8_UP_TIM13_IRQHandler                          src\startup.o
UART4_IRQHandler                                  src\startup.o
UART5_IRQHandler                                  src\startup.o
USART1_IRQHandler                                 src\startup.o
USART2_IRQHandler                                 src\startup.o
USART3_IRQHandler                                 src\startup.o
USART6_IRQHandler                                 src\startup.o
USART_ClearFlag                                   ..\Libraries\libBSP.a(stm32f4xx_usart.o)
USART_ClearITPendingBit                           ..\Libraries\libBSP.a(stm32f4xx_usart.o)
USART_ClockInit                                   ..\Libraries\libBSP.a(stm32f4xx_usart.o)
USART_ClockStructInit                             ..\Libraries\libBSP.a(stm32f4xx_usart.o)
USART_Cmd                                         ..\Libraries\libBSP.a(stm32f4xx_usart.o)
USART_DMACmd                                      ..\Libraries\libBSP.a(stm32f4xx_usart.o)
USART_DeInit                                      ..\Libraries\libBSP.a(stm32f4xx_usart.o)
USART_GetFlagStatus                               ..\Libraries\libBSP.a(stm32f4xx_usart.o)
                                                  src\syscalls.o
USART_GetITStatus                                 ..\Libraries\libBSP.a(stm32f4xx_usart.o)
USART_HalfDuplexCmd                               ..\Libraries\libBSP.a(stm32f4xx_usart.o)
USART_ITConfig                                    ..\Libraries\libBSP.a(stm32f4xx_usart.o)
USART_Init                                        ..\Libraries\libBSP.a(stm32f4xx_usart.o)
USART_IrDACmd                                     ..\Libraries\libBSP.a(stm32f4xx_usart.o)
USART_IrDAConfig                                  ..\Libraries\libBSP.a(stm32f4xx_usart.o)
USART_LINBreakDetectLengthConfig                  ..\Libraries\libBSP.a(stm32f4xx_usart.o)
USART_LINCmd                                      ..\Libraries\libBSP.a(stm32f4xx_usart.o)
USART_OneBitMethodCmd                             ..\Libraries\libBSP.a(stm32f4xx_usart.o)
USART_OverSampling8Cmd                            ..\Libraries\libBSP.a(stm32f4xx_usart.o)
USART_ReceiveData                                 ..\Libraries\libBSP.a(stm32f4xx_usart.o)
                                                  src\syscalls.o
USART_ReceiverWakeUpCmd                           ..\Libraries\libBSP.a(stm32f4xx_usart.o)
USART_SendBreak                                   ..\Libraries\libBSP.a(stm32f4xx_usart.o)
USART_SendData                                    ..\Libraries\libBSP.a(stm32f4xx_usart.o)
                                                  src\syscalls.o
USART_SetAddress                                  ..\Libraries\libBSP.a(stm32f4xx_usart.o)
USART_SetGuardTime                                ..\Libraries\libBSP.a(stm32f4xx_usart.o)
USART_SetPrescaler                                ..\Libraries\libBSP.a(stm32f4xx_usart.o)
USART_SmartCardCmd                                ..\Libraries\libBSP.a(stm32f4xx_usart.o)
USART_SmartCardNACKCmd                            ..\Libraries\libBSP.a(stm32f4xx_usart.o)
USART_StructInit                                  ..\Libraries\libBSP.a(stm32f4xx_usart.o)
USART_WakeUpConfig                                ..\Libraries\libBSP.a(stm32f4xx_usart.o)
UsageFault_Handler                                src\stm32f4xx_it.o
WWDG_IRQHandler                                   src\startup.o
WaitCycle                                         src\main.o
_Min_Heap_Size                                    src\syscalls.o
__aeabi_idiv0                                     c:/apps/atollic/truestudio for arm 5.5.1/armtools/bin/../lib/gcc/arm-atollic-eabi/5.3.1/armv7e-m/softfp\libgcc.a(_dvmd_tls.o)
__aeabi_ldiv0                                     c:/apps/atollic/truestudio for arm 5.5.1/armtools/bin/../lib/gcc/arm-atollic-eabi/5.3.1/armv7e-m/softfp\libgcc.a(_dvmd_tls.o)
                                                  c:/apps/atollic/truestudio for arm 5.5.1/armtools/bin/../lib/gcc/arm-atollic-eabi/5.3.1/armv7e-m/softfp\libgcc.a(_aeabi_uldivmod.o)
__aeabi_uldivmod                                  c:/apps/atollic/truestudio for arm 5.5.1/armtools/bin/../lib/gcc/arm-atollic-eabi/5.3.1/armv7e-m/softfp\libgcc.a(_aeabi_uldivmod.o)
                                                  ..\Libraries\libsGUI.a(text.o)
__deregister_frame_info                           c:/apps/atollic/truestudio for arm 5.5.1/armtools/bin/../lib/gcc/arm-atollic-eabi/5.3.1/armv7e-m/softfp/crtbegin.o
__dso_handle                                      c:/apps/atollic/truestudio for arm 5.5.1/armtools/bin/../lib/gcc/arm-atollic-eabi/5.3.1/armv7e-m/softfp/crtbegin.o
__env                                             src\syscalls.o
__init_array_end                                  c:/apps/atollic/truestudio for arm 5.5.1/armtools/bin/../lib/gcc/arm-atollic-eabi/5.3.1/../../../../arm-atollic-eabi/lib/armv7e-m/softfp\libc_nano.a(lib_a-init.o)
__init_array_start                                c:/apps/atollic/truestudio for arm 5.5.1/armtools/bin/../lib/gcc/arm-atollic-eabi/5.3.1/../../../../arm-atollic-eabi/lib/armv7e-m/softfp\libc_nano.a(lib_a-init.o)
__libc_init_array                                 c:/apps/atollic/truestudio for arm 5.5.1/armtools/bin/../lib/gcc/arm-atollic-eabi/5.3.1/../../../../arm-atollic-eabi/lib/armv7e-m/softfp\libc_nano.a(lib_a-init.o)
                                                  src\startup.o
__malloc_free_list                                c:/apps/atollic/truestudio for arm 5.5.1/armtools/bin/../lib/gcc/arm-atollic-eabi/5.3.1/../../../../arm-atollic-eabi/lib/armv7e-m/softfp\libc_nano.a(lib_a-nano-mallocr.o)
                                                  c:/apps/atollic/truestudio for arm 5.5.1/armtools/bin/../lib/gcc/arm-atollic-eabi/5.3.1/../../../../arm-atollic-eabi/lib/armv7e-m/softfp\libc_nano.a(lib_a-nano-freer.o)
__malloc_lock                                     c:/apps/atollic/truestudio for arm 5.5.1/armtools/bin/../lib/gcc/arm-atollic-eabi/5.3.1/../../../../arm-atollic-eabi/lib/armv7e-m/softfp\libc_nano.a(lib_a-mlock.o)
                                                  c:/apps/atollic/truestudio for arm 5.5.1/armtools/bin/../lib/gcc/arm-atollic-eabi/5.3.1/../../../../arm-atollic-eabi/lib/armv7e-m/softfp\libc_nano.a(lib_a-nano-mallocr.o)
                                                  c:/apps/atollic/truestudio for arm 5.5.1/armtools/bin/../lib/gcc/arm-atollic-eabi/5.3.1/../../../../arm-atollic-eabi/lib/armv7e-m/softfp\libc_nano.a(lib_a-nano-freer.o)
__malloc_sbrk_start                               c:/apps/atollic/truestudio for arm 5.5.1/armtools/bin/../lib/gcc/arm-atollic-eabi/5.3.1/../../../../arm-atollic-eabi/lib/armv7e-m/softfp\libc_nano.a(lib_a-nano-mallocr.o)
__malloc_unlock                                   c:/apps/atollic/truestudio for arm 5.5.1/armtools/bin/../lib/gcc/arm-atollic-eabi/5.3.1/../../../../arm-atollic-eabi/lib/armv7e-m/softfp\libc_nano.a(lib_a-mlock.o)
                                                  c:/apps/atollic/truestudio for arm 5.5.1/armtools/bin/../lib/gcc/arm-atollic-eabi/5.3.1/../../../../arm-atollic-eabi/lib/armv7e-m/softfp\libc_nano.a(lib_a-nano-mallocr.o)
                                                  c:/apps/atollic/truestudio for arm 5.5.1/armtools/bin/../lib/gcc/arm-atollic-eabi/5.3.1/../../../../arm-atollic-eabi/lib/armv7e-m/softfp\libc_nano.a(lib_a-nano-freer.o)
__preinit_array_end                               c:/apps/atollic/truestudio for arm 5.5.1/armtools/bin/../lib/gcc/arm-atollic-eabi/5.3.1/../../../../arm-atollic-eabi/lib/armv7e-m/softfp\libc_nano.a(lib_a-init.o)
__preinit_array_start                             c:/apps/atollic/truestudio for arm 5.5.1/armtools/bin/../lib/gcc/arm-atollic-eabi/5.3.1/../../../../arm-atollic-eabi/lib/armv7e-m/softfp\libc_nano.a(lib_a-init.o)
__register_frame_info                             c:/apps/atollic/truestudio for arm 5.5.1/armtools/bin/../lib/gcc/arm-atollic-eabi/5.3.1/armv7e-m/softfp/crtbegin.o
__sf_fake_stderr                                  c:/apps/atollic/truestudio for arm 5.5.1/armtools/bin/../lib/gcc/arm-atollic-eabi/5.3.1/../../../../arm-atollic-eabi/lib/armv7e-m/softfp\libc_nano.a(lib_a-impure.o)
__sf_fake_stdin                                   c:/apps/atollic/truestudio for arm 5.5.1/armtools/bin/../lib/gcc/arm-atollic-eabi/5.3.1/../../../../arm-atollic-eabi/lib/armv7e-m/softfp\libc_nano.a(lib_a-impure.o)
__sf_fake_stdout                                  c:/apps/atollic/truestudio for arm 5.5.1/armtools/bin/../lib/gcc/arm-atollic-eabi/5.3.1/../../../../arm-atollic-eabi/lib/armv7e-m/softfp\libc_nano.a(lib_a-impure.o)
__udivmoddi4                                      c:/apps/atollic/truestudio for arm 5.5.1/armtools/bin/../lib/gcc/arm-atollic-eabi/5.3.1/armv7e-m/softfp\libgcc.a(_udivmoddi4.o)
                                                  c:/apps/atollic/truestudio for arm 5.5.1/armtools/bin/../lib/gcc/arm-atollic-eabi/5.3.1/armv7e-m/softfp\libgcc.a(_aeabi_uldivmod.o)
_close                                            src\syscalls.o
_ebss                                             src\startup.o
_edata                                            src\startup.o
_estack                                           src\startup.o
_execve                                           src\syscalls.o
_exit                                             src\syscalls.o
_fini                                             c:/apps/atollic/truestudio for arm 5.5.1/armtools/bin/../lib/gcc/arm-atollic-eabi/5.3.1/armv7e-m/softfp/crti.o
_fork                                             src\syscalls.o
_free_r                                           c:/apps/atollic/truestudio for arm 5.5.1/armtools/bin/../lib/gcc/arm-atollic-eabi/5.3.1/../../../../arm-atollic-eabi/lib/armv7e-m/softfp\libc_nano.a(lib_a-nano-freer.o)
                                                  c:/apps/atollic/truestudio for arm 5.5.1/armtools/bin/../lib/gcc/arm-atollic-eabi/5.3.1/../../../../arm-atollic-eabi/lib/armv7e-m/softfp\libc_nano.a(lib_a-reent.o)
_fstat                                            src\syscalls.o
_getpid                                           src\syscalls.o
_global_impure_ptr                                c:/apps/atollic/truestudio for arm 5.5.1/armtools/bin/../lib/gcc/arm-atollic-eabi/5.3.1/../../../../arm-atollic-eabi/lib/armv7e-m/softfp\libc_nano.a(lib_a-impure.o)
_impure_ptr                                       c:/apps/atollic/truestudio for arm 5.5.1/armtools/bin/../lib/gcc/arm-atollic-eabi/5.3.1/../../../../arm-atollic-eabi/lib/armv7e-m/softfp\libc_nano.a(lib_a-impure.o)
                                                  c:/apps/atollic/truestudio for arm 5.5.1/armtools/bin/../lib/gcc/arm-atollic-eabi/5.3.1/../../../../arm-atollic-eabi/lib/armv7e-m/softfp\libc_nano.a(lib_a-reent.o)
_init                                             c:/apps/atollic/truestudio for arm 5.5.1/armtools/bin/../lib/gcc/arm-atollic-eabi/5.3.1/armv7e-m/softfp/crti.o
                                                  c:/apps/atollic/truestudio for arm 5.5.1/armtools/bin/../lib/gcc/arm-atollic-eabi/5.3.1/../../../../arm-atollic-eabi/lib/armv7e-m/softfp\libc_nano.a(lib_a-init.o)
_isatty                                           src\syscalls.o
_kill                                             src\syscalls.o
_link                                             src\syscalls.o
_lseek                                            src\syscalls.o
_malloc_r                                         c:/apps/atollic/truestudio for arm 5.5.1/armtools/bin/../lib/gcc/arm-atollic-eabi/5.3.1/../../../../arm-atollic-eabi/lib/armv7e-m/softfp\libc_nano.a(lib_a-nano-mallocr.o)
_open                                             src\syscalls.o
_read                                             src\syscalls.o
_reclaim_reent                                    c:/apps/atollic/truestudio for arm 5.5.1/armtools/bin/../lib/gcc/arm-atollic-eabi/5.3.1/../../../../arm-atollic-eabi/lib/armv7e-m/softfp\libc_nano.a(lib_a-reent.o)
_sbrk                                             src\syscalls.o
                                                  c:/apps/atollic/truestudio for arm 5.5.1/armtools/bin/../lib/gcc/arm-atollic-eabi/5.3.1/../../../../arm-atollic-eabi/lib/armv7e-m/softfp\libc_nano.a(lib_a-sbrkr.o)
_sbrk_r                                           c:/apps/atollic/truestudio for arm 5.5.1/armtools/bin/../lib/gcc/arm-atollic-eabi/5.3.1/../../../../arm-atollic-eabi/lib/armv7e-m/softfp\libc_nano.a(lib_a-sbrkr.o)
                                                  c:/apps/atollic/truestudio for arm 5.5.1/armtools/bin/../lib/gcc/arm-atollic-eabi/5.3.1/../../../../arm-atollic-eabi/lib/armv7e-m/softfp\libc_nano.a(lib_a-nano-mallocr.o)
_sbss                                             src\startup.o
_sdata                                            src\startup.o
_sidata                                           src\startup.o
_stat                                             src\syscalls.o
_times                                            src\syscalls.o
_unlink                                           src\syscalls.o
_wait                                             src\syscalls.o
_write                                            src\syscalls.o
                                                  src\tiny_printf.o
ball_coordinate_x                                 src\main.o
ball_coordinate_y                                 src\main.o
ball_velocity_x                                   src\game.o
ball_velocity_y                                   src\game.o
cleanup_glue                                      c:/apps/atollic/truestudio for arm 5.5.1/armtools/bin/../lib/gcc/arm-atollic-eabi/5.3.1/../../../../arm-atollic-eabi/lib/armv7e-m/softfp\libc_nano.a(lib_a-reent.o)
end                                               src\syscalls.o
environ                                           src\syscalls.o
errno                                             c:/apps/atollic/truestudio for arm 5.5.1/armtools/bin/../lib/gcc/arm-atollic-eabi/5.3.1/../../../../arm-atollic-eabi/lib/armv7e-m/softfp\libc_nano.a(lib_a-reent.o)
                                                  c:/apps/atollic/truestudio for arm 5.5.1/armtools/bin/../lib/gcc/arm-atollic-eabi/5.3.1/../../../../arm-atollic-eabi/lib/armv7e-m/softfp\libc_nano.a(lib_a-sbrkr.o)
                                                  src\syscalls.o
fiprintf                                          src\tiny_printf.o
font_4x6                                          ..\Libraries\libsGUI.a(font.o)
font_5x7                                          ..\Libraries\libsGUI.a(font.o)
font_5x7W                                         ..\Libraries\libsGUI.a(font.o)
font_5x8                                          ..\Libraries\libsGUI.a(font.o)
                                                  ..\Libraries\libsGUI.a(text.o)
font_6x10                                         ..\Libraries\libsGUI.a(font.o)
font_6x12                                         ..\Libraries\libsGUI.a(font.o)
font_6x13                                         ..\Libraries\libsGUI.a(font.o)
font_6x13B                                        ..\Libraries\libsGUI.a(font.o)
font_6x13O                                        ..\Libraries\libsGUI.a(font.o)
font_6x9                                          ..\Libraries\libsGUI.a(font.o)
font_7x13                                         ..\Libraries\libsGUI.a(font.o)
font_7x13B                                        ..\Libraries\libsGUI.a(font.o)
font_7x13O                                        ..\Libraries\libsGUI.a(font.o)
font_7x14                                         ..\Libraries\libsGUI.a(font.o)
font_7x14B                                        ..\Libraries\libsGUI.a(font.o)
font_8x13                                         ..\Libraries\libsGUI.a(font.o)
font_8x13B                                        ..\Libraries\libsGUI.a(font.o)
font_8x13O                                        ..\Libraries\libsGUI.a(font.o)
font_8x16                                         ..\Libraries\libsGUI.a(font.o)
font_8x16B                                        ..\Libraries\libsGUI.a(font.o)
font_8x8                                          ..\Libraries\libsGUI.a(font.o)
font_9x15                                         ..\Libraries\libsGUI.a(font.o)
font_9x15B                                        ..\Libraries\libsGUI.a(font.o)
fprintf                                           src\tiny_printf.o
fputs                                             src\tiny_printf.o
fwrite                                            src\tiny_printf.o
g_pfnVectors                                      src\startup.o
initialise_monitor_handles                        src\syscalls.o
iprintf                                           src\tiny_printf.o
main                                              src\main.o
                                                  src\startup.o
memcpy                                            c:/apps/atollic/truestudio for arm 5.5.1/armtools/bin/../lib/gcc/arm-atollic-eabi/5.3.1/../../../../arm-atollic-eabi/lib/armv7e-m/softfp\libc.a(lib_a-memcpy-stub.o)
                                                  ..\Libraries\libBSP.a(carme.o)
memset                                            c:/apps/atollic/truestudio for arm 5.5.1/armtools/bin/../lib/gcc/arm-atollic-eabi/5.3.1/../../../../arm-atollic-eabi/lib/armv7e-m/softfp\libc.a(lib_a-memset.o)
                                                  ..\Libraries\libBSP.a(can.o)
myfunction                                        src\functions.o
                                                  src\main.o
paddle_left_coordinate_x                          src\main.o
paddle_left_coordinate_y                          src\main.o
paddle_right_coordinate_x                         src\main.o
paddle_right_coordinate_y                         src\main.o
point_player_l                                    src\main.o
point_player_r                                    src\main.o
printf                                            src\tiny_printf.o
puts                                              src\tiny_printf.o
siprintf                                          src\tiny_printf.o
sprintf                                           src\tiny_printf.o
strlen                                            c:/apps/atollic/truestudio for arm 5.5.1/armtools/bin/../lib/gcc/arm-atollic-eabi/5.3.1/../../../../arm-atollic-eabi/lib/armv7e-m/softfp\libc_nano.a(lib_a-strlen.o)
                                                  src\tiny_printf.o
ts_formatlength                                   src\tiny_printf.o
ts_formatstring                                   src\tiny_printf.o
ts_itoa                                           src\tiny_printf.o
vApplicationMallocFailedHook                      src\startup.o
vApplicationStackOverflowHook                     src\startup.o
